
Lenovo@DESKTOP-H6DH4VO MINGW64 ~/Desktop/New folder (3)
$ git init
Initialized empty Git repository in C:/Users/Lenovo/Desktop/New folder (3)/.git/

Lenovo@DESKTOP-H6DH4VO MINGW64 ~/Desktop/New folder (3) (master)
$ git remote add origin "https://github.com/vinay-kumbhar/FDJava150.git"

Lenovo@DESKTOP-H6DH4VO MINGW64 ~/Desktop/New folder (3) (master)
$ git pull origin master
remote: Enumerating objects: 3, done.
remote: Counting objects: 100% (3/3), done.
remote: Total 3 (delta 0), reused 0 (delta 0), pack-reused 0
Unpacking objects: 100% (3/3), 598 bytes | 49.00 KiB/s, done.
From https://github.com/vinay-kumbhar/FDJava150
 * branch            master     -> FETCH_HEAD
 * [new branch]      master     -> origin/master

Lenovo@DESKTOP-H6DH4VO MINGW64 ~/Desktop/New folder (3) (master)
$ git add gitfirst.txt

Lenovo@DESKTOP-H6DH4VO MINGW64 ~/Desktop/New folder (3) (master)
$ git commit -m "first commit fdj153"
[master 8a53098] first commit fdj153
 1 file changed, 1 insertion(+)
 create mode 100644 gitfirst.txt

Lenovo@DESKTOP-H6DH4VO MINGW64 ~/Desktop/New folder (3) (master)
$ git push origin master
Enumerating objects: 4, done.
Counting objects: 100% (4/4), done.
Delta compression using up to 4 threads
Compressing objects: 100% (3/3), done.
Writing objects: 100% (3/3), 315 bytes | 315.00 KiB/s, done.
Total 3 (delta 0), reused 0 (delta 0), pack-reused 0
To https://github.com/vinay-kumbhar/FDJava150.git
   720bfd6..8a53098  master -> master

Lenovo@DESKTOP-H6DH4VO MINGW64 ~/Desktop/New folder (3) (master)
$ git add SpringBootMappingExample
warning: in the working copy of 'SpringBootMappingExample/.gitignore', LF will b
e replaced by CRLF the next time Git touches it
warning: in the working copy of 'SpringBootMappingExample/.mvn/wrapper/MavenWrap
perDownloader.java', LF will be replaced by CRLF the next time Git touches it
warning: in the working copy of 'SpringBootMappingExample/.mvn/wrapper/maven-wra
pper.properties', LF will be replaced by CRLF the next time Git touches it
warning: in the working copy of 'SpringBootMappingExample/mvnw', LF will be repl
aced by CRLF the next time Git touches it
warning: in the working copy of 'SpringBootMappingExample/mvnw.cmd', LF will be
replaced by CRLF the next time Git touches it
warning: in the working copy of 'SpringBootMappingExample/pom.xml', LF will be r
eplaced by CRLF the next time Git touches it
warning: in the working copy of 'SpringBootMappingExample/src/main/java/com/exam
ple/demo/ServletInitializer.java', LF will be replaced by CRLF the next time Git
 touches it
warning: in the working copy of 'SpringBootMappingExample/src/main/java/com/exam
ple/demo/SpringBootMappingExampleApplication.java', LF will be replaced by CRLF
the next time Git touches it
warning: in the working copy of 'SpringBootMappingExample/src/main/resources/app
lication.properties', LF will be replaced by CRLF the next time Git touches it
warning: in the working copy of 'SpringBootMappingExample/src/test/java/com/exam
ple/demo/SpringBootMappingExampleApplicationTests.java', LF will be replaced by
CRLF the next time Git touches it

Lenovo@DESKTOP-H6DH4VO MINGW64 ~/Desktop/New folder (3) (master)
$ git status
On branch master
Changes to be committed:
  (use "git restore --staged <file>..." to unstage)
        new file:   SpringBootMappingExample/.gitignore
        new file:   SpringBootMappingExample/.mvn/wrapper/MavenWrapperDownloader
.java
        new file:   SpringBootMappingExample/.mvn/wrapper/maven-wrapper.jar
        new file:   SpringBootMappingExample/.mvn/wrapper/maven-wrapper.properti
es
        new file:   SpringBootMappingExample/mvnw
        new file:   SpringBootMappingExample/mvnw.cmd
        new file:   SpringBootMappingExample/pom.xml
        new file:   SpringBootMappingExample/src/main/java/com/example/demo/Serv
letInitializer.java
        new file:   SpringBootMappingExample/src/main/java/com/example/demo/Spri
ngBootMappingExampleApplication.java
        new file:   SpringBootMappingExample/src/main/java/com/example/demo/cont
roller/DepartmentController.java
        new file:   SpringBootMappingExample/src/main/java/com/example/demo/cont
roller/EmployeeController.java
        new file:   SpringBootMappingExample/src/main/java/com/example/demo/mode
l/Department.java
        new file:   SpringBootMappingExample/src/main/java/com/example/demo/mode
l/Employee.java
        new file:   SpringBootMappingExample/src/main/java/com/example/demo/repo
sitory/DepartmentRepository.java
        new file:   SpringBootMappingExample/src/main/java/com/example/demo/repo
sitory/EmployeeRepository.java
        new file:   SpringBootMappingExample/src/main/java/com/example/demo/serv
ice/ServiceI.java
        new file:   SpringBootMappingExample/src/main/java/com/example/demo/serv
ice/ServiceImpl.java
        new file:   SpringBootMappingExample/src/main/resources/application.prop
erties
        new file:   SpringBootMappingExample/src/test/java/com/example/demo/Spri
ngBootMappingExampleApplicationTests.java


Lenovo@DESKTOP-H6DH4VO MINGW64 ~/Desktop/New folder (3) (master)
$ git commit -m "folder commit"
[master bb91bc5] folder commit
 19 files changed, 1044 insertions(+)
 create mode 100644 SpringBootMappingExample/.gitignore
 create mode 100644 SpringBootMappingExample/.mvn/wrapper/MavenWrapperDownloader
.java
 create mode 100644 SpringBootMappingExample/.mvn/wrapper/maven-wrapper.jar
 create mode 100644 SpringBootMappingExample/.mvn/wrapper/maven-wrapper.properti
es
 create mode 100644 SpringBootMappingExample/mvnw
 create mode 100644 SpringBootMappingExample/mvnw.cmd
 create mode 100644 SpringBootMappingExample/pom.xml
 create mode 100644 SpringBootMappingExample/src/main/java/com/example/demo/Serv
letInitializer.java
 create mode 100644 SpringBootMappingExample/src/main/java/com/example/demo/Spri
ngBootMappingExampleApplication.java
 create mode 100644 SpringBootMappingExample/src/main/java/com/example/demo/cont
roller/DepartmentController.java
 create mode 100644 SpringBootMappingExample/src/main/java/com/example/demo/cont
roller/EmployeeController.java
 create mode 100644 SpringBootMappingExample/src/main/java/com/example/demo/mode
l/Department.java
 create mode 100644 SpringBootMappingExample/src/main/java/com/example/demo/mode
l/Employee.java
 create mode 100644 SpringBootMappingExample/src/main/java/com/example/demo/repo
sitory/DepartmentRepository.java
 create mode 100644 SpringBootMappingExample/src/main/java/com/example/demo/repo
sitory/EmployeeRepository.java
 create mode 100644 SpringBootMappingExample/src/main/java/com/example/demo/serv
ice/ServiceI.java
 create mode 100644 SpringBootMappingExample/src/main/java/com/example/demo/serv
ice/ServiceImpl.java
 create mode 100644 SpringBootMappingExample/src/main/resources/application.prop
erties
 create mode 100644 SpringBootMappingExample/src/test/java/com/example/demo/Spri
ngBootMappingExampleApplicationTests.java

Lenovo@DESKTOP-H6DH4VO MINGW64 ~/Desktop/New folder (3) (master)
$ git status
On branch master
nothing to commit, working tree clean

Lenovo@DESKTOP-H6DH4VO MINGW64 ~/Desktop/New folder (3) (master)
$ git push origin master
Enumerating objects: 41, done.
Counting objects: 100% (41/41), done.
Delta compression using up to 4 threads
Compressing objects: 100% (32/32), done.
Writing objects: 100% (40/40), 55.92 KiB | 5.59 MiB/s, done.
Total 40 (delta 3), reused 0 (delta 0), pack-reused 0
remote: Resolving deltas: 100% (3/3), done.
To https://github.com/vinay-kumbhar/FDJava150.git
   8a53098..bb91bc5  master -> master

Lenovo@DESKTOP-H6DH4VO MINGW64 ~/Desktop/New folder (3) (master)
$
